Microsoft (R) Macro Assembler Version 5.00                  4/1/10 22:10:07
Datatype                                                    Page     1-1


				PAGE   60,132 
				TITLE  Datatype    
				 
				       .MODEL SMALL 
 0040				       .STACK 64 
				 
				;---------------------------------- 
 0000				       .DATA 
				     
				;---------------------------------- 
				 
 0000				      .CODE 
				 
 0000				MAIN   PROC  FAR 
 0000  B8 ---- R		       MOV  AX, @DATA 
 0003  8E D8			       MOV  DS, AX 
				 
 0005  B4 00			       MOV AH, 00H 
 0007  B0 04			       MOV AL, 04H 
 0009  CD 10			       INT 10H 
				 
 000B  B4 0B			       MOV  AH, 0BH 
 000D  B7 00			       MOV  BH, 00H 
 000F  B3 01			       MOV  BL, 01H 
 0011  CD 10			       INT 10H 
				     
 0013  B4 07			       MOV AH, 07H 
 0015  CD 21			       INT 21H        
				 
				 
 0017  B4 4C			        MOV AH, 4CH 
 0019  CD 21			        INT 21H 
 001B				MAIN    ENDP 
 001B				        END MAIN 
Microsoft (R) Macro Assembler Version 5.00                  4/1/10 22:10:07
Datatype                                                    Symbols-1


Segments and Groups:

                N a m e         	Length	 Align	Combine Class

DGROUP . . . . . . . . . . . . .  	GROUP
  _DATA  . . . . . . . . . . . .  	0000	WORD	PUBLIC	'DATA'
  STACK  . . . . . . . . . . . .  	0040	PARA	STACK	'STACK'
_TEXT  . . . . . . . . . . . . .  	001B	WORD	PUBLIC	'CODE'

Symbols:            

                N a m e         	Type	 Value	 Attr

MAIN . . . . . . . . . . . . . .  	F PROC	0000	_TEXT	Length = 001B

@CODE  . . . . . . . . . . . . .  	TEXT  _TEXT		
@CODESIZE  . . . . . . . . . . .  	TEXT  0		
@DATASIZE  . . . . . . . . . . .  	TEXT  0		
@FILENAME  . . . . . . . . . . .  	TEXT  4-6		


     34 Source  Lines
     34 Total   Lines
     15 Symbols

  50292 + 450796 Bytes symbol space free

      0 Warning Errors
      0 Severe  Errors
