
Microsoft Cross-Reference  Version 5.00	      Sun Mar 06 20:29:22 2011


  Symbol Cross-Reference	    (# definition, + modification)	Cref-1

CODSG. . . . . . . . . . . . . .    3#     5      5      5     18  

DATA1. . . . . . . . . . . . . .    8     14# 
DATA2. . . . . . . . . . . . . .   15# 

PROGCODE . . . . . . . . . . . .    7#    12     19  

SUM. . . . . . . . . . . . . . .    9+    16# 


 5 Symbols
