Duplicated file found; will not be sent for synthesis: c:/Users/73974/Documents/vivado/实验九（5）/实验九（5）.srcs/sources_1/bd/sy9/ipshared/35a3/xup_nand2.srcs/sources_1/new/xup_nand2.v
Duplicated file found; will not be sent for synthesis: c:/Users/73974/Documents/vivado/实验九（5）/实验九（5）.srcs/sources_1/bd/sy9/ipshared/35a3/xup_nand2.srcs/sources_1/new/xup_nand2.v
Duplicated file found; will not be sent for synthesis: c:/Users/73974/Documents/vivado/实验九（5）/实验九（5）.srcs/sources_1/bd/sy9/ipshared/35a3/xup_nand2.srcs/sources_1/new/xup_nand2.v
Duplicated file found; will not be sent for synthesis: c:/Users/73974/Documents/vivado/实验九（5）/实验九（5）.srcs/sources_1/bd/sy9/ipshared/35a3/xup_nand2.srcs/sources_1/new/xup_nand2.v
Duplicated file found; will not be sent for synthesis: c:/Users/73974/Documents/vivado/实验九（5）/实验九（5）.srcs/sources_1/bd/sy9/ipshared/35a3/xup_nand2.srcs/sources_1/new/xup_nand2.v
Duplicated file found; will not be sent for synthesis: c:/Users/73974/Documents/vivado/实验九（5）/实验九（5）.srcs/sources_1/bd/sy9/ipshared/e3e7/xup_inv.srcs/sources_1/new/xup_inv.v
Duplicated file found; will not be sent for synthesis: c:/Users/73974/Documents/vivado/实验九（5）/实验九（5）.srcs/sources_1/bd/sy9/ipshared/0b64/D_FlipFlop_Set_Reset.v
Duplicated file found; will not be sent for synthesis: c:/Users/73974/Documents/vivado/实验九（5）/实验九（5）.srcs/sources_1/bd/sy9/ipshared/35a3/xup_nand2.srcs/sources_1/new/xup_nand2.v
Duplicated file found; will not be sent for synthesis: c:/Users/73974/Documents/vivado/实验九（5）/实验九（5）.srcs/sources_1/bd/sy9/ipshared/35a3/xup_nand2.srcs/sources_1/new/xup_nand2.v
Duplicated file found; will not be sent for synthesis: c:/Users/73974/Documents/vivado/实验九（5）/实验九（5）.srcs/sources_1/bd/sy9/ipshared/35a3/xup_nand2.srcs/sources_1/new/xup_nand2.v
Duplicated file found; will not be sent for synthesis: c:/Users/73974/Documents/vivado/实验九（5）/实验九（5）.srcs/sources_1/bd/sy9/ipshared/e3e7/xup_inv.srcs/sources_1/new/xup_inv.v
Duplicated file found; will not be sent for synthesis: c:/Users/73974/Documents/vivado/实验九（5）/实验九（5）.srcs/sources_1/bd/sy9/ipshared/f5b3/xup_nand3.srcs/sources_1/new/xup_nand3.v
Duplicated file found; will not be sent for synthesis: c:/Users/73974/Documents/vivado/实验九（5）/实验九（5）.srcs/sources_1/bd/sy9/ipshared/f5b3/xup_nand3.srcs/sources_1/new/xup_nand3.v
Duplicated file found; will not be sent for synthesis: c:/Users/73974/Documents/vivado/实验九（5）/实验九（5）.srcs/sources_1/bd/sy9/ipshared/f5b3/xup_nand3.srcs/sources_1/new/xup_nand3.v
Duplicated file found; will not be sent for synthesis: c:/Users/73974/Documents/vivado/实验九（5）/实验九（5）.srcs/sources_1/bd/sy9/ipshared/e3e7/xup_inv.srcs/sources_1/new/xup_inv.v
Duplicated file found; will not be sent for synthesis: c:/Users/73974/Documents/vivado/实验九（5）/实验九（5）.srcs/sources_1/bd/sy9/ipshared/f5b3/xup_nand3.srcs/sources_1/new/xup_nand3.v
Duplicated file found; will not be sent for synthesis: c:/Users/73974/Documents/vivado/实验九（5）/实验九（5）.srcs/sources_1/bd/sy9/ipshared/35a3/xup_nand2.srcs/sources_1/new/xup_nand2.v
Duplicated file found; will not be sent for synthesis: c:/Users/73974/Documents/vivado/实验九（5）/实验九（5）.srcs/sources_1/bd/sy9/ipshared/35a3/xup_nand2.srcs/sources_1/new/xup_nand2.v
Duplicated file found; will not be sent for synthesis: c:/Users/73974/Documents/vivado/实验九（5）/实验九（5）.srcs/sources_1/bd/sy9/ipshared/35a3/xup_nand2.srcs/sources_1/new/xup_nand2.v
Duplicated file found; will not be sent for synthesis: c:/Users/73974/Documents/vivado/实验九（5）/实验九（5）.srcs/sources_1/bd/sy9/ipshared/35a3/xup_nand2.srcs/sources_1/new/xup_nand2.v
Duplicated file found; will not be sent for synthesis: c:/Users/73974/Documents/vivado/实验九（5）/实验九（5）.srcs/sources_1/bd/sy9/ipshared/e3e7/xup_inv.srcs/sources_1/new/xup_inv.v
Duplicated file found; will not be sent for synthesis: c:/Users/73974/Documents/vivado/实验九（5）/实验九（5）.srcs/sources_1/bd/sy9/ipshared/35c5/xup_nand4.srcs/sources_1/new/xup_nand4.v
Duplicated file found; will not be sent for synthesis: c:/Users/73974/Documents/vivado/实验九（5）/实验九（5）.srcs/sources_1/bd/sy9/ipshared/35a3/xup_nand2.srcs/sources_1/new/xup_nand2.v
Duplicated file found; will not be sent for synthesis: c:/Users/73974/Documents/vivado/实验九（5）/实验九（5）.srcs/sources_1/bd/sy9/ipshared/35c5/xup_nand4.srcs/sources_1/new/xup_nand4.v
Duplicated file found; will not be sent for synthesis: c:/Users/73974/Documents/vivado/实验九（5）/实验九（5）.srcs/sources_1/bd/sy9/ipshared/f5b3/xup_nand3.srcs/sources_1/new/xup_nand3.v
Duplicated file found; will not be sent for synthesis: c:/Users/73974/Documents/vivado/实验九（5）/实验九（5）.srcs/sources_1/bd/sy9/ipshared/35a3/xup_nand2.srcs/sources_1/new/xup_nand2.v
CRC performance measure: elapsed=00:00:00.016s;;memory_peak=266.379MB;;memory_gain=0.000MB
