#-----------------------------------------------------------
# Vivado v2016.4 (64-bit)
# SW Build 1756540 on Mon Jan 23 19:11:23 MST 2017
# IP Build 1755317 on Mon Jan 23 20:30:07 MST 2017
# Start of session at: Fri Jun 23 17:29:56 2017
# Process ID: 13172
# Current directory: C:/Users/73974/Documents/vivado/clock/clock
# Command line: vivado.exe -gui_launcher_event rodinguilauncherevent6244 C:\Users\73974\Documents\vivado\clock\clock\clock.xpr
# Log file: C:/Users/73974/Documents/vivado/clock/clock/vivado.log
# Journal file: C:/Users/73974/Documents/vivado/clock/clock\vivado.jou
#-----------------------------------------------------------
start_gui
open_project C:/Users/73974/Documents/vivado/clock/clock/clock.xpr
save_project_as clock_v1.1 C:/Users/73974/Documents/vivado/clock/clock_v1.1 -force
open_hw
connect_hw_server
open_hw_target
current_hw_device [lindex [get_hw_devices xc7a35t_0] 0]
refresh_hw_device -update_hw_probes false [lindex [get_hw_devices xc7a35t_0] 0]
launch_runs synth_1 -jobs 2
wait_on_run synth_1
open_run synth_1 -name synth_1
launch_runs impl_1 -jobs 2
wait_on_run impl_1
launch_runs impl_1 -to_step write_bitstream -jobs 2
wait_on_run impl_1
set_property PROBES.FILE {} [lindex [get_hw_devices xc7a35t_0] 0]
set_property PROGRAM.FILE {C:/Users/73974/Documents/vivado/clock/clock_v1.1/clock_v1.1.runs/impl_1/clock_top.bit} [lindex [get_hw_devices xc7a35t_0] 0]
program_hw_devices [lindex [get_hw_devices xc7a35t_0] 0]
refresh_hw_device [lindex [get_hw_devices xc7a35t_0] 0]
set_property PROBES.FILE {} [lindex [get_hw_devices xc7a35t_0] 0]
set_property PROGRAM.FILE {C:/Users/73974/Documents/vivado/clock/clock_v1.1/clock_v1.1.runs/impl_1/clock_top.bit} [lindex [get_hw_devices xc7a35t_0] 0]
program_hw_devices [lindex [get_hw_devices xc7a35t_0] 0]
refresh_hw_device [lindex [get_hw_devices xc7a35t_0] 0]
