Copyright 1986-2014 Xilinx, Inc. All Rights Reserved.
-------------------------------------------------------------------------------------------------------------------------------
| Tool Version : Vivado v.2014.2 (win64) Build 932637 Wed Jun 11 13:33:10 MDT 2014
| Date         : Sat Oct 11 19:23:19 2014
| Host         : LBDZ-20130305AX running 64-bit Service Pack 1  (build 7601)
| Command      : report_timing_summary -warn_on_violation -file vga_timing_summary_routed.rpt -pb vga_timing_summary_routed.pb
| Design       : vga
| Device       : 7a35t-cpg236
| Speed File   : -1  PRELIMINARY 1.12 2014-03-13
-------------------------------------------------------------------------------------------------------------------------------

Timing Summary Report

------------------------------------------------------------------------------------------------
| Timer Settings
| --------------
------------------------------------------------------------------------------------------------

  Enable Multi Corner Analysis               :  Yes
  Enable Pessimism Removal                   :  Yes
  Pessimism Removal Resolution               :  Nearest Common Node
  Enable Input Delay Default Clock           :  No
  Enable Preset / Clear Arcs                 :  No
  Disable Flight Delays                      :  No

  Corner  Analyze    Analyze    
  Name    Max Paths  Min Paths  
  ------  ---------  ---------  
  Slow    Yes        Yes        
  Fast    Yes        Yes        



check_timing report

Table of Contents
-----------------
1. checking no_clock
2. checking constant clock
3. checking pulse_width_clock
4. checking unconstrained_internal_endpoints
5. checking no_input_delay
6. checking no_output_delay
7. checking multiple_clock
8. checking generated_clocks
9. checking loops
10. checking partial_input_delay
11. checking partial_output_delay
12. checking unexpandable_clocks
13. checking latch_loops

1. checking no_clock
--------------------
 There are 0 register/latch pins with no clock.


2. checking constant clock
--------------------------
 There are 0 register/latch pins with constant_clock.


3. checking pulse_width_clock
-----------------------------
 There are 0 register/latch pins which need pulse_width check


4. checking unconstrained_internal_endpoints
--------------------------------------------
 There are 0 pins that are not constrained for maximum delay.

 There are 0 pins that are not constrained for maximum delay due to constant clock.


5. checking no_input_delay
--------------------------
 There are 0 input ports with no input delay specified.

 There are 0 input ports with no input delay but user has a false path constraint.


6. checking no_output_delay
---------------------------
 There are 14 ports with no output delay specified. (HIGH)

 There are 0 ports with no output delay but user has a false path constraint

 There are 0 ports with no output delay but has a clock definition.


7. checking multiple_clock
--------------------------
 There are 0 register/latch pins with multiple clocks.


8. checking generated_clocks
----------------------------
 There are 0 generated clocks that are not connected to a clock source.


9. checking loops
-----------------
 There are 0 combinational loops in the design.


10. checking partial_input_delay
--------------------------------
 There are 0 input ports with partial input delay specified.


11. checking partial_output_delay
---------------------------------
 There are 0 ports with partial output delay specified.


12. checking unexpandable_clocks
--------------------------------
 There are 0 unexpandable clock pairs.


13. checking latch_loops
------------------------
 There are 0 combinational latch loops in the design through latch input



------------------------------------------------------------------------------------------------
| Design Timing Summary
| ---------------------
------------------------------------------------------------------------------------------------

    WNS(ns)      TNS(ns)  TNS Failing Endpoints  TNS Total Endpoints      WHS(ns)      THS(ns)  THS Failing Endpoints  THS Total Endpoints     WPWS(ns)     TPWS(ns)  TPWS Failing Endpoints  TPWS Total Endpoints  
    -------      -------  ---------------------  -------------------      -------      -------  ---------------------  -------------------     --------     --------  ----------------------  --------------------  
     36.411        0.000                      0                   36        0.197        0.000                      0                   36        3.000        0.000                       0                    32  


All user specified timing constraints are met.


------------------------------------------------------------------------------------------------
| Clock Summary
| -------------
------------------------------------------------------------------------------------------------

Clock                 Waveform(ns)       Period(ns)      Frequency(MHz)
-----                 ------------       ----------      --------------
mclk                  {0.000 5.000}      10.000          100.000         
  clk_out1_clk_wiz_0  {0.000 20.000}     40.000          25.000          
  clkfbout_clk_wiz_0  {0.000 20.000}     40.000          25.000          


------------------------------------------------------------------------------------------------
| Intra Clock Table
| -----------------
------------------------------------------------------------------------------------------------

Clock                     WNS(ns)      TNS(ns)  TNS Failing Endpoints  TNS Total Endpoints      WHS(ns)      THS(ns)  THS Failing Endpoints  THS Total Endpoints     WPWS(ns)     TPWS(ns)  TPWS Failing Endpoints  TPWS Total Endpoints  
-----                     -------      -------  ---------------------  -------------------      -------      -------  ---------------------  -------------------     --------     --------  ----------------------  --------------------  
mclk                                                                                                                                                                    3.000        0.000                       0                     3  
  clk_out1_clk_wiz_0       36.411        0.000                      0                   36        0.197        0.000                      0                   36       19.500        0.000                       0                    28  
  clkfbout_clk_wiz_0                                                                                                                                                   37.845        0.000                       0                     3  


------------------------------------------------------------------------------------------------
| Inter Clock Table
| -----------------
------------------------------------------------------------------------------------------------

From Clock    To Clock          WNS(ns)      TNS(ns)  TNS Failing Endpoints  TNS Total Endpoints      WHS(ns)      THS(ns)  THS Failing Endpoints  THS Total Endpoints  
----------    --------          -------      -------  ---------------------  -------------------      -------      -------  ---------------------  -------------------  


------------------------------------------------------------------------------------------------
| Other Path Groups Table
| -----------------------
------------------------------------------------------------------------------------------------

Path Group    From Clock    To Clock          WNS(ns)      TNS(ns)  TNS Failing Endpoints  TNS Total Endpoints      WHS(ns)      THS(ns)  THS Failing Endpoints  THS Total Endpoints  
----------    ----------    --------          -------      -------  ---------------------  -------------------      -------      -------  ---------------------  -------------------  


------------------------------------------------------------------------------------------------
| Timing Details
| --------------
------------------------------------------------------------------------------------------------


---------------------------------------------------------------------------------------------------
From Clock:  mclk
  To Clock:  mclk

Setup :               Failing Endpoints,  Worst Slack               ,  Total Violation             
Hold  :               Failing Endpoints,  Worst Slack               ,  Total Violation             
PW    :            0  Failing Endpoints,  Worst Slack        3.000ns,  Total Violation        0.000ns
---------------------------------------------------------------------------------------------------


Pulse Width Checks
--------------------------------------------------------------------------------------
Clock Name:         mclk
Waveform:           { 0 5 }
Period:             10.000
Sources:            { mclk }

Check Type        Corner  Lib Pin              Reference Pin  Required  Actual  Slack   Location         Pin
Min Period        n/a     MMCME2_ADV/CLKFBOUT  n/a            1.249     10.000  8.751   MMCME2_ADV_X1Y0  u_clk/inst/mmcm_adv_inst/CLKFBOUT
Max Period        n/a     MMCME2_ADV/CLKIN1    n/a            100.000   10.000  90.000  MMCME2_ADV_X1Y0  u_clk/inst/mmcm_adv_inst/CLKIN1
Low Pulse Width   Fast    MMCME2_ADV/CLKIN1    n/a            2.000     5.000   3.000   MMCME2_ADV_X1Y0  u_clk/inst/mmcm_adv_inst/CLKIN1
High Pulse Width  Slow    MMCME2_ADV/CLKIN1    n/a            2.000     5.000   3.000   MMCME2_ADV_X1Y0  u_clk/inst/mmcm_adv_inst/CLKIN1



---------------------------------------------------------------------------------------------------
From Clock:  clk_out1_clk_wiz_0
  To Clock:  clk_out1_clk_wiz_0

Setup :            0  Failing Endpoints,  Worst Slack       36.411ns,  Total Violation        0.000ns
Hold  :            0  Failing Endpoints,  Worst Slack        0.197ns,  Total Violation        0.000ns
PW    :            0  Failing Endpoints,  Worst Slack       19.500ns,  Total Violation        0.000ns
---------------------------------------------------------------------------------------------------


Max Delay Paths
--------------------------------------------------------------------------------------
Slack (MET) :             36.411ns  (required time - arrival time)
  Source:                 hCounter_reg[2]/C
                            (rising edge-triggered cell FDRE clocked by clk_out1_clk_wiz_0  {rise@0.000ns fall@20.000ns period=40.000ns})
  Destination:            hCounter_reg[7]/D
                            (rising edge-triggered cell FDRE clocked by clk_out1_clk_wiz_0  {rise@0.000ns fall@20.000ns period=40.000ns})
  Path Group:             clk_out1_clk_wiz_0
  Path Type:              Setup (Max at Slow Process Corner)
  Requirement:            40.000ns  (clk_out1_clk_wiz_0 rise@40.000ns - clk_out1_clk_wiz_0 rise@0.000ns)
  Data Path Delay:        3.431ns  (logic 1.021ns (29.759%)  route 2.410ns (70.241%))
  Logic Levels:           3  (LUT2=2 LUT6=1)
  Clock Path Skew:        -0.023ns (DCD - SCD + CPR)
    Destination Clock Delay (DCD):    -1.481ns = ( 38.519 - 40.000 ) 
    Source Clock Delay      (SCD):    -0.881ns
    Clock Pessimism Removal (CPR):    0.578ns
  Clock Uncertainty:      0.164ns  ((TSJ^2 + DJ^2)^1/2) / 2 + PE
    Total System Jitter     (TSJ):    0.071ns
    Discrete Jitter          (DJ):    0.320ns
    Phase Error              (PE):    0.000ns

    Location             Delay type                Incr(ns)  Path(ns)    Netlist Resource(s)
  -------------------------------------------------------------------    -------------------
                         (clock clk_out1_clk_wiz_0 rise edge)
                                                      0.000     0.000 r  
    W5                                                0.000     0.000 r  mclk
                         net (fo=0)                   0.000     0.000    u_clk/inst/clk_in1
    W5                   IBUF (Prop_ibuf_I_O)         1.458     1.458 r  u_clk/inst/clkin1_ibufg/O
                         net (fo=1, routed)           1.233     2.691    u_clk/inst/clk_in1_clk_wiz_0
    MMCME2_ADV_X1Y0      MMCME2_ADV (Prop_mmcme2_adv_CLKIN1_CLKOUT0)
                                                     -6.961    -4.269 r  u_clk/inst/mmcm_adv_inst/CLKOUT0
                         net (fo=1, routed)           1.661    -2.608    u_clk/inst/clk_out1_clk_wiz_0
    BUFGCTRL_X0Y0        BUFG (Prop_bufg_I_O)         0.096    -2.512 r  u_clk/inst/clkout1_buf/O
                         net (fo=26, routed)          1.631    -0.881    clk25
    SLICE_X2Y34                                                       r  hCounter_reg[2]/C
  -------------------------------------------------------------------    -------------------
    SLICE_X2Y34          FDRE (Prop_fdre_C_Q)         0.478    -0.403 f  hCounter_reg[2]/Q
                         net (fo=8, routed)           0.841     0.439    hCounter[2]
    SLICE_X1Y35          LUT2 (Prop_lut2_I0_O)        0.295     0.734 r  hCounter[9]_i_5/O
                         net (fo=1, routed)           0.575     1.309    n_0_hCounter[9]_i_5
    SLICE_X2Y35          LUT6 (Prop_lut6_I3_O)        0.124     1.433 r  hCounter[9]_i_4/O
                         net (fo=3, routed)           0.993     2.426    n_0_hCounter[9]_i_4
    SLICE_X0Y35          LUT2 (Prop_lut2_I0_O)        0.124     2.550 r  hCounter[7]_i_1/O
                         net (fo=1, routed)           0.000     2.550    n_0_hCounter[7]_i_1
    SLICE_X0Y35          FDRE                                         r  hCounter_reg[7]/D
  -------------------------------------------------------------------    -------------------

                         (clock clk_out1_clk_wiz_0 rise edge)
                                                     40.000    40.000 r  
    W5                                                0.000    40.000 r  mclk
                         net (fo=0)                   0.000    40.000    u_clk/inst/clk_in1
    W5                   IBUF (Prop_ibuf_I_O)         1.388    41.388 r  u_clk/inst/clkin1_ibufg/O
                         net (fo=1, routed)           1.162    42.550    u_clk/inst/clk_in1_clk_wiz_0
    MMCME2_ADV_X1Y0      MMCME2_ADV (Prop_mmcme2_adv_CLKIN1_CLKOUT0)
                                                     -7.218    35.332 r  u_clk/inst/mmcm_adv_inst/CLKOUT0
                         net (fo=1, routed)           1.581    36.914    u_clk/inst/clk_out1_clk_wiz_0
    BUFGCTRL_X0Y0        BUFG (Prop_bufg_I_O)         0.091    37.005 r  u_clk/inst/clkout1_buf/O
                         net (fo=26, routed)          1.514    38.519    clk25
    SLICE_X0Y35                                                       r  hCounter_reg[7]/C
                         clock pessimism              0.578    39.096    
                         clock uncertainty           -0.164    38.933    
    SLICE_X0Y35          FDRE (Setup_fdre_C_D)        0.029    38.962    hCounter_reg[7]
  -------------------------------------------------------------------
                         required time                         38.962    
                         arrival time                          -2.550    
  -------------------------------------------------------------------
                         slack                                 36.411    





Min Delay Paths
--------------------------------------------------------------------------------------
Slack (MET) :             0.197ns  (arrival time - required time)
  Source:                 vCounter_reg[4]/C
                            (rising edge-triggered cell FDRE clocked by clk_out1_clk_wiz_0  {rise@0.000ns fall@20.000ns period=40.000ns})
  Destination:            vCounter_reg[5]/D
                            (rising edge-triggered cell FDRE clocked by clk_out1_clk_wiz_0  {rise@0.000ns fall@20.000ns period=40.000ns})
  Path Group:             clk_out1_clk_wiz_0
  Path Type:              Hold (Min at Fast Process Corner)
  Requirement:            0.000ns  (clk_out1_clk_wiz_0 rise@0.000ns - clk_out1_clk_wiz_0 rise@0.000ns)
  Data Path Delay:        0.332ns  (logic 0.186ns (56.088%)  route 0.146ns (43.912%))
  Logic Levels:           1  (LUT6=1)
  Clock Path Skew:        0.014ns (DCD - SCD - CPR)
    Destination Clock Delay (DCD):    -0.833ns
    Source Clock Delay      (SCD):    -0.593ns
    Clock Pessimism Removal (CPR):    -0.253ns

    Location             Delay type                Incr(ns)  Path(ns)    Netlist Resource(s)
  -------------------------------------------------------------------    -------------------
                         (clock clk_out1_clk_wiz_0 rise edge)
                                                      0.000     0.000 r  
    W5                                                0.000     0.000 r  mclk
                         net (fo=0)                   0.000     0.000    u_clk/inst/clk_in1
    W5                   IBUF (Prop_ibuf_I_O)         0.226     0.226 r  u_clk/inst/clkin1_ibufg/O
                         net (fo=1, routed)           0.440     0.667    u_clk/inst/clk_in1_clk_wiz_0
    MMCME2_ADV_X1Y0      MMCME2_ADV (Prop_mmcme2_adv_CLKIN1_CLKOUT0)
                                                     -2.359    -1.693 r  u_clk/inst/mmcm_adv_inst/CLKOUT0
                         net (fo=1, routed)           0.486    -1.207    u_clk/inst/clk_out1_clk_wiz_0
    BUFGCTRL_X0Y0        BUFG (Prop_bufg_I_O)         0.026    -1.181 r  u_clk/inst/clkout1_buf/O
                         net (fo=26, routed)          0.588    -0.593    clk25
    SLICE_X1Y31                                                       r  vCounter_reg[4]/C
  -------------------------------------------------------------------    -------------------
    SLICE_X1Y31          FDRE (Prop_fdre_C_Q)         0.141    -0.452 r  vCounter_reg[4]/Q
                         net (fo=9, routed)           0.146    -0.307    vCounter[4]
    SLICE_X2Y31          LUT6 (Prop_lut6_I3_O)        0.045    -0.262 r  vCounter[5]_i_1/O
                         net (fo=1, routed)           0.000    -0.262    n_0_vCounter[5]_i_1
    SLICE_X2Y31          FDRE                                         r  vCounter_reg[5]/D
  -------------------------------------------------------------------    -------------------

                         (clock clk_out1_clk_wiz_0 rise edge)
                                                      0.000     0.000 r  
    W5                                                0.000     0.000 r  mclk
                         net (fo=0)                   0.000     0.000    u_clk/inst/clk_in1
    W5                   IBUF (Prop_ibuf_I_O)         0.414     0.414 r  u_clk/inst/clkin1_ibufg/O
                         net (fo=1, routed)           0.480     0.894    u_clk/inst/clk_in1_clk_wiz_0
    MMCME2_ADV_X1Y0      MMCME2_ADV (Prop_mmcme2_adv_CLKIN1_CLKOUT0)
                                                     -3.142    -2.248 r  u_clk/inst/mmcm_adv_inst/CLKOUT0
                         net (fo=1, routed)           0.530    -1.718    u_clk/inst/clk_out1_clk_wiz_0
    BUFGCTRL_X0Y0        BUFG (Prop_bufg_I_O)         0.029    -1.689 r  u_clk/inst/clkout1_buf/O
                         net (fo=26, routed)          0.857    -0.833    clk25
    SLICE_X2Y31                                                       r  vCounter_reg[5]/C
                         clock pessimism              0.253    -0.579    
    SLICE_X2Y31          FDRE (Hold_fdre_C_D)         0.121    -0.458    vCounter_reg[5]
  -------------------------------------------------------------------
                         required time                          0.458    
                         arrival time                          -0.262    
  -------------------------------------------------------------------
                         slack                                  0.197    





Pulse Width Checks
--------------------------------------------------------------------------------------
Clock Name:         clk_out1_clk_wiz_0
Waveform:           { 0 20 }
Period:             40.000
Sources:            { u_clk/inst/mmcm_adv_inst/CLKOUT0 }

Check Type        Corner  Lib Pin             Reference Pin  Required  Actual  Slack    Location         Pin
Min Period        n/a     BUFG/I              n/a            2.155     40.000  37.845   BUFGCTRL_X0Y0    u_clk/inst/clkout1_buf/I
Max Period        n/a     MMCME2_ADV/CLKOUT0  n/a            213.360   40.000  173.360  MMCME2_ADV_X1Y0  u_clk/inst/mmcm_adv_inst/CLKOUT0
Low Pulse Width   Slow    FDRE/C              n/a            0.500     20.000  19.500   SLICE_X0Y34      blank_reg/C
High Pulse Width  Slow    FDRE/C              n/a            0.500     20.000  19.500   SLICE_X0Y34      blank_reg/C



---------------------------------------------------------------------------------------------------
From Clock:  clkfbout_clk_wiz_0
  To Clock:  clkfbout_clk_wiz_0

Setup :               Failing Endpoints,  Worst Slack               ,  Total Violation             
Hold  :               Failing Endpoints,  Worst Slack               ,  Total Violation             
PW    :            0  Failing Endpoints,  Worst Slack       37.845ns,  Total Violation        0.000ns
---------------------------------------------------------------------------------------------------


Pulse Width Checks
--------------------------------------------------------------------------------------
Clock Name:         clkfbout_clk_wiz_0
Waveform:           { 0 20 }
Period:             40.000
Sources:            { u_clk/inst/mmcm_adv_inst/CLKFBOUT }

Check Type  Corner  Lib Pin             Reference Pin  Required  Actual  Slack   Location         Pin
Min Period  n/a     BUFG/I              n/a            2.155     40.000  37.845  BUFGCTRL_X0Y1    u_clk/inst/clkf_buf/I
Max Period  n/a     MMCME2_ADV/CLKFBIN  n/a            100.000   40.000  60.000  MMCME2_ADV_X1Y0  u_clk/inst/mmcm_adv_inst/CLKFBIN



